// Jest Snapshot v1, https://goo.gl/fbAQLP

exports[`Testing in LoginScreen should to create a snapshot 1`] = `
Array [
  <h3
    className="auth__title"
  >
    Iniciar Sesi√≥n
  </h3>,
  <form
    className="animate__animated animate__fadeIn"
    onSubmit={[Function]}
  >
    <div
      className="auth__container-input"
    >
      <input
        autoComplete="off"
        className="auth__input"
        name="email"
        onChange={[Function]}
        placeholder="Email"
        type="email"
        value=""
      />
      <div
        className="auth__alert-error"
      />
    </div>
    <div
      className="auth__container-input"
    >
      <input
        className="auth__input"
        name="password"
        onChange={[Function]}
        placeholder="Password"
        type="password"
        value=""
      />
      <div
        className="auth__alert-error"
      />
    </div>
    <button
      className="btn btn-primary btn-block mt-1"
      disabled={false}
      type="submit"
    >
      Login
    </button>
    <div
      className="auth__social-network"
    >
      <p>
        Login with Social Networks
      </p>
      <div
        className="google-btn"
        onClick={[Function]}
      >
        <div
          className="google-icon-wrapper"
        >
          <img
            alt="google button"
            className="google-icon"
            src="https://upload.wikimedia.org/wikipedia/commons/5/53/Google_%22G%22_Logo.svg"
          />
        </div>
        <p
          className="btn-text"
        >
          <b>
            Sign in with google
          </b>
        </p>
      </div>
    </div>
    <a
      className="link"
      href="/auth/register"
      onClick={[Function]}
    >
      Create an account
    </a>
  </form>,
]
`;
